// Vitest Snapshot v1, https://vitest.dev/guide/snapshot.html

exports[`Fusion > Card 1`] = `
"prototype(Neos.Demo:Presentation.Cards.Card) < prototype(Neos.Fusion:Component) {
    // This is used for the living styleguide (Monocle)
    // Read more about this in the README.md
    @styleguide {
        props {
            uri = 'https://example.com'
            title = 'Card title'
            content = 'Some quick example text to build on the card title and make up the bulk of the card\\'s content.'
            date = ''
            authorName = ''
            imageUri = ''
            class = ''
        }
    }

    uri = null
    imageUri = null
    title = null
    content = null
    date = null
    authorName = null
    class = null
    renderer = afx\`
        <div
            class={"block shadow-lg bg-white" + props.class}>
            <a href={props.uri}>
                <img
                    class="w-full"
                    src={props.imageUri || StaticResource.uri('Neos.Neos', 'Public/Images/dummy-image.svg')}
                    alt=""
                />
            </a>

            <div class="mt-5 ml-8 italic text-sm">
                <time datetime={Date.format(props.date, 'Y-m-d')} @if={props.date}>
                    {Date.formatCldr(props.date, 'd. MMMM y')}
                </time>
            </div>
            <div class="p-8 pt-3">
                <h2 class="mb-2 text-xl font-medium leading-tight">
                    {props.title}
                </h2>
                <p class="mb-4 text-base">
                    {props.content}
                </p>
                <p class="pb-3 italic text-sm" @if={props.authorName}>
                    {I18n.translate('cards.authorPublishedBy', 'Published by {authorName}', { authorName: props.authorName }, 'Presentation.Cards:cards', 'Neos.Demo')}
                </p>
                <a href={props.uri}
                    class="inline-block bg-light px-6 pt-2.5 pb-2 text-xs font-medium uppercase leading-normal text-white shadow-md hover:bg-light focus:bg-light active:bg-light">
                    {I18n.translate('Neos.Demo:Presentation.Cards:cards.moreButton')}
                </a>
            </div>
        </div>
    \`
}
"
`;

exports[`Fusion > Registration 1`] = `
"##
# "Registration" element based on Fusion.Form
#
prototype(Neos.Demo:Content.Registration) < prototype(Neos.Neos:ContentComponent) {
    renderer = Neos.Fusion.Form:Runtime.RuntimeForm {
        namespace = 'neos-demo-registration'
        attributes {
            id = \${'form-' + node.aggregateId}
            action = \${'#' + this.id}
        }

        form.method = 'POST'
        process {
            content = afx\`
                <fieldset class="space-y-6 mb-8 max-w-[300px] [&_label]:sr-only">
                    <Neos.Fusion.Form:FieldContainer field.name="username" label="Username">
                        <Neos.Fusion.Form:Input attributes.required={true} attributes.placeholder="Username" attributes.pattern="[a-z0-9]+" />
                        <small>(lowercase letters and numbers only)</small>
                    </Neos.Fusion.Form:FieldContainer>
                    <Neos.Fusion.Form:FieldContainer field.name="password" label="Password">
                        <Neos.Fusion.Form:Password attributes.required={true} attributes.placeholder="Password" />
                    </Neos.Fusion.Form:FieldContainer>
                </fieldset>
            \`
            schema {
                username = \${Form.Schema.string().isRequired().validator('Neos\\Demo\\Form\\Runtime\\Validation\\Validator\\UsernameInUseValidator')}
                password = \${Form.Schema.string().isRequired()}
            }
        }

        action {
            createBackendUser {
                type = 'Neos.Demo.Form.Runtime:CreateUser'
                options {
                    // you can configure an array of Backend Roles to be added to this user
                    // this is basically for security reasons if someone
                    // forgets to remove this functionality
                    // you can configure a valid DateTime constructor format here
                    username = \${data.username}
                    password = \${data.password}
                    roles = \${['Neos.Neos:Editor']}
                    expiry = '+1 week'
                }
                @position = 'start'
            }
            redirect {
                type = 'Neos.Fusion.Form.Runtime:Redirect'
                options.uri = Neos.Fusion:UriBuilder {
                    package = 'Neos.Neos'
                    controller = 'Login'
                    action = 'index'
                    additionalParams {
                        username = \${data.username}
                    }
                }
                @position = 'end'
            }
        }
    }
}
"
`;

exports[`Fusion > Slider 1`] = `
"prototype(Neos.Demo:Presentation.Slider) < prototype(Neos.Fusion:Component) {
    // This is used for the living styleguide (Monocle)
    // Read more about this in the README.md
    @styleguide.props.items = Neos.Fusion:Map {
        items = \${Array.range(1, 10)}
        itemRenderer = afx\`
            <img class="w-full" src={"https://picsum.photos/800/400?random=" + item} alt="placeholder image" />
        \`
    }

    tagName = 'section'
    sliderIsDecoration = false
    class = null
    slideItemClass = 'flex flex-col items-center justify-center'
    options = Neos.Fusion:DataStructure {
        # The gap between slides. The CSS format is acceptable, such as 1em.
        gap = 12
    }

    attributes = Neos.Fusion:DataStructure
    i18n = Neos.Fusion:Map {
        items = \${['prev', 'next', 'first', 'last', 'slideX', 'pageX', 'play', 'pause', 'carousel', 'select', 'slide', 'slideLabel', 'playVideo']}
        keyRenderer = \${item}
        itemRenderer = \${I18n.translate('Neos.Demo:Main:splide.' + item)}
    }

    _hasItems = \${Type.isArray(this.items) && Array.length(this.items)}
    @if.hasItemsOrContent = \${this._hasItems || this.content}

    renderer = Neos.Fusion:Tag {
        tagName = \${props.tagName}
        attributes {
            x-data = 'slider'
            data-splide = \${Json.stringify(Array.concat({i18n:props.i18n}, props.options))}
            aria-label = \${props.label}
            role = \${props.sliderIsDecoration ? 'group' : null}
            class = \${Array.push('splide', props.class)}
            @apply.attributes = \${props.attributes}
        }
        content = afx\`
            <div class="splide__track">
                <ul class="splide__list" @if={props._hasItems && !props.content}>
                    <Neos.Fusion:Loop items={props.items}>
                        <Neos.Demo:Presentation.Slider.Fragment.Item class={props.slideItemClass} content={item} />
                    </Neos.Fusion:Loop>
                </ul>
                <!-- content is used as entry for contentcollections -->
                {props.content}
            </div>
        \`
    }
}
"
`;

exports[`Fusion > TextWithImage 1`] = `
"##
# "Text" element
#
prototype(Neos.Demo:Content.TextWithImage) < prototype(Neos.Neos:ContentComponent) {
    text = Neos.Neos:Editable {
        property = 'text'
    }
    src = Neos.Neos:ImageUri {
        @if.hasAsset = \${this.asset}
        asset = \${q(node).property('image')}
        maximumWidth = 500
    }
    alt = \${q(node).property('alternativeText')}
    title = \${q(node).property('title')}
    hasCaption = \${q(node).property('hasCaption')}
    caption = Neos.Neos:Editable {
        property = 'caption'
    }

    renderDummyImage = \${renderingMode.isEdit || renderingMode.isPreview}

    renderer = afx\`<Neos.Demo:Presentation.TextWithImage {...props} />\`
}
"
`;
